
> chukwuemeke-portfolio@0.0.0 build
> vite build

vite v6.4.1 building for production...
transforming...
Error: Cannot apply unknown utility class `bg-bg-light`. Are you using CSS modules or similar and missing `@reference`? https://tailwindcss.com/docs/functions-and-directives#reference-directive
    at onInvalidCandidate (/home/alexwce/Documentos/portafolio/alxwce-portfolio/node_modules/tailwindcss/dist/lib.js:21:1314)
    at Te (/home/alexwce/Documentos/portafolio/alxwce-portfolio/node_modules/tailwindcss/dist/lib.js:16:36652)
    at /home/alexwce/Documentos/portafolio/alxwce-portfolio/node_modules/tailwindcss/dist/lib.js:21:355
    at Rr (/home/alexwce/Documentos/portafolio/alxwce-portfolio/node_modules/tailwindcss/dist/lib.js:3:1718)
    at _ (/home/alexwce/Documentos/portafolio/alxwce-portfolio/node_modules/tailwindcss/dist/lib.js:3:1377)
    at $e (/home/alexwce/Documentos/portafolio/alxwce-portfolio/node_modules/tailwindcss/dist/lib.js:21:172)
    at un (/home/alexwce/Documentos/portafolio/alxwce-portfolio/node_modules/tailwindcss/dist/lib.js:38:294)
    at async cn (/home/alexwce/Documentos/portafolio/alxwce-portfolio/node_modules/tailwindcss/dist/lib.js:38:631)
    at async Xr (/home/alexwce/Documentos/portafolio/alxwce-portfolio/node_modules/@tailwindcss/node/dist/index.js:10:3417)
    at async I (/home/alexwce/Documentos/portafolio/alxwce-portfolio/node_modules/@tailwindcss/postcss/dist/index.js:10:3977)
✓ 3 modules transformed.
✗ Build failed in 417ms
error during build:
[vite:css] [postcss] tailwindcss: /home/alexwce/Documentos/portafolio/alxwce-portfolio/src/index.css:1:1: Cannot apply unknown utility class `bg-bg-light`. Are you using CSS modules or similar and missing `@reference`? https://tailwindcss.com/docs/functions-and-directives#reference-directive
file: /home/alexwce/Documentos/portafolio/alxwce-portfolio/src/index.css:1:0
    at Input.error (/home/alexwce/Documentos/portafolio/alxwce-portfolio/node_modules/postcss/lib/input.js:135:16)
    at Root.error (/home/alexwce/Documentos/portafolio/alxwce-portfolio/node_modules/postcss/lib/node.js:146:32)
    at Object.Once (/home/alexwce/Documentos/portafolio/alxwce-portfolio/node_modules/@tailwindcss/postcss/dist/index.js:10:6911)
    at async LazyResult.runAsync (/home/alexwce/Documentos/portafolio/alxwce-portfolio/node_modules/postcss/lib/lazy-result.js:293:11)
    at async runPostCSS (file:///home/alexwce/Documentos/portafolio/alxwce-portfolio/node_modules/vite/dist/node/chunks/dep-D4NMHUTW.js:43853:21)
    at async compilePostCSS (file:///home/alexwce/Documentos/portafolio/alxwce-portfolio/node_modules/vite/dist/node/chunks/dep-D4NMHUTW.js:43823:18)
    at async compileCSS (file:///home/alexwce/Documentos/portafolio/alxwce-portfolio/node_modules/vite/dist/node/chunks/dep-D4NMHUTW.js:43678:27)
    at async Object.handler (file:///home/alexwce/Documentos/portafolio/alxwce-portfolio/node_modules/vite/dist/node/chunks/dep-D4NMHUTW.js:42994:11)
    at async transform (file:///home/alexwce/Documentos/portafolio/alxwce-portfolio/node_modules/rollup/dist/es/shared/node-entry.js:21234:16)
    at async ModuleLoader.addModuleSource (file:///home/alexwce/Documentos/portafolio/alxwce-portfolio/node_modules/rollup/dist/es/shared/node-entry.js:21448:36)
